app_thread.c:149:6:APP_THREAD_Init	16	static
app_thread.c:206:6:APP_THREAD_Error	16	static
app_thread.c:257:13:APP_THREAD_DeviceConfig	16	static
app_thread.c:310:13:APP_THREAD_StateNotif	16	static
app_thread.c:370:13:APP_THREAD_TraceError	16	static
app_thread.c:383:13:APP_THREAD_CheckWirelessFirmwareInfo	40	static
app_thread.c:425:13:APP_THREAD_UdpSend	8	static
app_thread.c:433:16:UdpSend	64	static
app_thread.c:468:17:Swap16	16	static
app_thread.c:473:17:HostSwap16	16	static
app_thread.c:477:16:UdpBind	40	static
app_thread.c:497:13:HandleUdpReceive	344	static
app_thread.c:529:6:APP_THREAD_RegisterCmdBuffer	16	static
app_thread.c:534:26:THREAD_Get_OTCmdPayloadBuffer	4	static
app_thread.c:539:26:THREAD_Get_OTCmdRspPayloadBuffer	4	static
app_thread.c:544:26:THREAD_Get_NotificationPayloadBuffer	4	static
app_thread.c:556:6:Ot_Cmd_Transfer	16	static
app_thread.c:577:6:TL_OT_CmdEvtReceived	16	static
app_thread.c:591:6:TL_THREAD_NotReceived	16	static
app_thread.c:606:6:Pre_OtCmdProcessing	8	static
app_thread.c:617:13:Wait_Getting_Ack_From_M0	8	static
app_thread.c:629:13:Receive_Ack_From_M0	8	static
app_thread.c:640:13:Receive_Notification_From_M0	8	static
app_thread.c:649:13:RxCpltCallback	8	static
app_thread.c:716:13:Send_CLI_To_M0	8	static
app_thread.c:737:13:Send_CLI_Ack_For_OT	8	static
app_thread.c:749:6:APP_THREAD_Init_UART_CLI	8	static
app_thread.c:769:6:APP_THREAD_TL_THREAD_INIT	8	static
app_thread.c:784:6:TL_THREAD_CliNotReceived	24	static
app_thread.c:811:6:HostTxCb	8	static
app_thread.c:821:6:APP_THREAD_ProcessMsgM0ToM4	8	static
