stm32wbxx_ll_pwr.h:1664:22:LL_C2_PWR_SetPowerMode	16	static
stm32wbxx_ll_exti.h:382:22:LL_EXTI_EnableIT_32_63	16	static
stm32wbxx_ll_exti.h:408:22:LL_C2_EXTI_EnableIT_32_63	16	static
stm32wbxx_ll_rcc.h:2329:22:LL_RCC_SetClkAfterWakeFromStop	16	static
app_entry.c:98:6:APPE_Init	8	static
app_entry.c:128:13:Init_Debug	8	static
app_entry.c:178:13:SystemPower_Config	8	static
app_entry.c:200:13:appe_Tl_Init	40	static
app_entry.c:225:13:APPE_SysStatusNot	16	static
app_entry.c:240:13:APPE_SysUserEvtRx	24	static
app_entry.c:265:13:APPE_SysEvtError	16	static
app_entry.c:282:13:APPE_SysEvtReadyProcessing	8	static
app_entry.c:302:6:UTIL_SEQ_Idle	4	static
app_entry.c:317:6:UTIL_SEQ_EvtIdle	16	static
app_entry.c:337:6:shci_notify_asynch_evt	16	static
app_entry.c:344:6:shci_cmd_resp_release	16	static
app_entry.c:351:6:shci_cmd_resp_wait	16	static
app_entry.c:359:6:TL_TRACES_EvtReceived	16	static
